
> my-v0-project@0.1.0 build
> next build

   Γû▓ Next.js 16.0.10 (Turbopack)
   - Environments: .env.local, .env

node.exe :  ΓÜá The 
"middleware" file 
convention is deprecated. 
Please use "proxy" instead. 
Learn more: https://nextjs.o
rg/docs/messages/middleware-
to-proxy
At line:1 char:1
+ & "C:\Program 
Files\nodejs/node.exe" 
"C:\Program 
Files\nodejs/node_mo ...
+ ~~~~~~~~~~~~~~~~~~~~~~~~~~
~~~~~~~~~~~~~~~~~~~~~~~~~~~~
~~~~~~~~~~~~~~~
    + CategoryInfo          
    : NotSpe    cified: ( 
ΓÜá Th    e "middl...lewar  
  e-to-proxy:Strin    g) 
[], RemoteExc    eption
    + FullyQualified    
ErrorId : Native    
CommandError
 
   Creating an optimized production build ...

> Build error occurred
Error: Turbopack build 
failed with 1 errors:
./app/api/admin/upload/route
.ts:6:1
Module not found: Can't 
resolve 'uuid'
[0m [90m 4 |[39m 
[36mimport[39m { join } 
[36mfrom[39m 
[32m"path"[39m
 [90m 5 |[39m 
[36mimport[39m { mkdir } 
[36mfrom[39m 
[32m"fs/promises"[39m
[31m[1m>[22m[39m[90m 6 
|[39m [36mimport[39m { 
v4 [36mas[39m uuidv4 } 
[36mfrom[39m 
[32m"uuid"[39m
 [90m   |[39m [31m[1m^[
22m[39m[31m[1m^[22m[39m
[31m[1m^[22m[39m[31m[1
m^[22m[39m[31m[1m^[22m
[39m[31m[1m^[22m[39m[31
m[1m^[22m[39m[31m[1m^[
22m[39m[31m[1m^[22m[39m
[31m[1m^[22m[39m[31m[1
m^[22m[39m[31m[1m^[22m
[39m[31m[1m^[22m[39m[31
m[1m^[22m[39m[31m[1m^[
22m[39m[31m[1m^[22m[39m
[31m[1m^[22m[39m[31m[1
m^[22m[39m[31m[1m^[22m
[39m[31m[1m^[22m[39m[31
m[1m^[22m[39m[31m[1m^[
22m[39m[31m[1m^[22m[39m
[31m[1m^[22m[39m[31m[1
m^[22m[39m[31m[1m^[22m
[39m[31m[1m^[22m[39m[31
m[1m^[22m[39m[31m[1m^[
22m[39m[31m[1m^[22m[39m
[31m[1m^[22m[39m[31m[1
m^[22m[39m[31m[1m^[22m
[39m[31m[1m^[22m[39m[31
m[1m^[22m[39m
 [90m 7 |[39m
 [90m 8 |[39m 
[36mexport[39m 
[36masync[39m 
[36mfunction[39m [33mPOST
[39m(request[33m:[39m 
[33mRequest[39m) {
 [90m 9 |[39m     
[36mtry[39m {[0m



https://nextjs.org/docs/mess
ages/module-not-found


    at <unknown> (./app/api/
admin/upload/route.ts:6:1)
    at <unknown> (https://ne
xtjs.org/docs/messages/modul
e-not-found)
